// Jest Snapshot v1, https://goo.gl/fbAQLP

exports[`Render Dialog should no render 1`] = `<div />`;
