// Jest Snapshot v1, https://goo.gl/fbAQLP

exports[`Render LinearProgress should render is not loading 1`] = `<div />`;
